// Jest Snapshot v1, https://goo.gl/fbAQLP

exports[`should render ExpenseListItem 1`] = `
<div>
  <Link
    replace={false}
    to="/edit/2"
  >
    <h4>
      Cable
    </h4>
  </Link>
  <p>
    $10.00
     -- 
    Dec 28th, 1969
  </p>
</div>
`;
